blf/core/state/ProgramState.class
blf/configuration/BlockNumberSpecification.class
blf/grammar/BcqlUtilParser$PublicFunctionQueryContext.class
blf/blockchains/hyperledger/instructions/HyperledgerConnectInstruction.class
blf/blockchains/template/TemplateListener.class
blf/blockchains/ethereum/instructions/EthereumLogEntryFilterInstruction.class
blf/core/Program.class
blf/grammar/BcqlUtilListener.class
blf/grammar/BcqlParser$SolTypeRuleContext.class
blf/grammar/BcqlUtilParser$SmartContractQueryParameterContext.class
blf/configuration/BlockNumberSpecification$Type.class
blf/core/instructions/GenericFilterInstruction.class
blf/core/writers/DataWriter.class
blf/grammar/BcqlParser$MethodInvocationContext.class
blf/Constants.class
blf/grammar/BcqlParser$LogEntryFilterContext.class
blf/grammar/BcqlUtilParser$LogEntryParameterContext.class
blf/core/values/Variables.class
blf/generation/LogEntryParameter.class
blf/library/compression/ValueDictionary.class
blf/grammar/BcqlUtilParser$StringArrayLiteralContext.class
blf/configuration/EmissionSettings$EmissionMode.class
blf/grammar/BcqlParser$BytesArrayLiteralContext.class
blf/blockchains/ethereum/classes/EthereumSmartContractParameter.class
blf/blockchains/template/TemplateProgramState.class
blf/blockchains/ethereum/variables/EthereumTransactionVariables$ValueExtractor.class
blf/configuration/XesExportSpecification.class
blf/blockchains/hyperledger/instructions/HyperledgerBlockFilterInstruction.class
blf/grammar/BcqlUtilParser$SkippableLogEntryParameterContext.class
blf/grammar/BcqlUtilParser$ConditionalExpressionContext.class
blf/grammar/BcqlParser$SkippableLogEntryParameterContext.class
blf/blockchains/ethereum/classes/EthereumLogEntrySignature.class
blf/configuration/CsvExportSpecification.class
blf/Generator.class
blf/BlfApp.class
blf/configuration/XesParameterSpecification.class
blf/grammar/BcqlUtilBaseListener.class
blf/core/parameters/XesParameter.class
blf/parsing/BlockNumber$Type.class
blf/blockchains/template/TemplateVariables.class
blf/generation/GeneratorItem.class
blf/grammar/BcqlParser$EmissionModeContext.class
blf/core/values/ValueAccessor.class
blf/grammar/BcqlUtilParser$ValueExpressionContext.class
blf/grammar/BcqlUtilParser$LiteralContext.class
blf/grammar/BcqlVisitor.class
blf/blockchains/ethereum/instructions/EthereumConnectIpcInstruction.class
blf/grammar/BcqlUtilParser$NamedEmitVariableContext.class
blf/generation/CodeCollector.class
blf/grammar/BcqlParser$EmitStatementXesTraceContext.class
blf/blockchains/ethereum/instructions/EthereumConnectInstruction.class
blf/grammar/BcqlParser$ConditionalExpressionContext.class
blf/grammar/BcqlUtilParser$SolTypeContext.class
blf/grammar/BcqlParser$StatementExpressionContext.class
blf/core/readers/DataReader.class
blf/BcqlProcessingException.class
blf/library/types/StringOperations.class
blf/blockchains/ethereum/variables/EthereumBlockVariables.class
blf/configuration/ValueAssignmentSpecification.class
blf/configuration/GenericFilterPredicateSpecification.class
blf/grammar/BcqlParser$ConnectionContext.class
blf/blockchains/ethereum/reader/Web3jLogEntry.class
blf/Extractor.class
blf/grammar/BcqlUtilParser$ConditionalPrimaryExpressionContext.class
blf/configuration/CsvColumnSpecification.class
blf/grammar/BcqlParser$DocumentContext.class
blf/blockchains/ethereum/instructions/EthereumTransactionInputFilterInstruction.class
blf/grammar/BcqlParser$ComparatorsContext.class
blf/blockchains/template/instructions/TemplateConnectInstruction.class
blf/grammar/BcqlParser$ArrayLiteralContext.class
blf/configuration/SpecificationComposer$FactoryState.class
blf/generation/ItemGenerator.class
blf/core/writers/CsvWriter.class
blf/blockchains/hyperledger/variables/HyperledgerVariables.class
blf/grammar/BcqlUtilParser$StatementExpressionContext.class
blf/grammar/BcqlParser$SolTypeContext.class
blf/grammar/BcqlParser$VariableDeclarationStatementContext.class
blf/core/parameters/Parameter.class
blf/library/MethodSignature.class
blf/configuration/BaseBlockchainListener.class
blf/grammar/BcqlParser$StatementContext.class
blf/blockchains/hyperledger/variables/HyperledgerBlockVariables.class
blf/grammar/BcqlUtilParser$MethodStatementContext.class
blf/blockchains/hyperledger/instructions/HyperledgerTransactionFilterInstruction.class
blf/library/compression/BitMapping.class
blf/grammar/BcqlParser$ScopeContext.class
blf/grammar/BcqlUtilParser.class
blf/Validator.class
blf/grammar/BcqlUtilParser$ArrayLiteralContext.class
blf/grammar/BcqlParser$ConditionalNotExpressionContext.class
blf/core/exceptions/ExceptionHandler.class
blf/samples/GeneratorTest.class
blf/core/instructions/AddXesTraceInstruction.class
blf/grammar/BcqlParser$IntArrayLiteralContext.class
blf/grammar/BcqlUtilParser$VariableNameContext.class
blf/parsing/VariableExistenceListener$Variable.class
blf/configuration/BuildException.class
blf/blockchains/ethereum/reader/Web3jClient.class
blf/blockchains/ethereum/variables/EthereumTransactionVariables.class
blf/grammar/BcqlParser$OutputFolderContext.class
blf/blockchains/ethereum/reader/Web3jBlock.class
blf/core/values/BlockchainVariables.class
blf/grammar/BcqlUtilParser$VariableDeclarationStatementContext.class
blf/grammar/BcqlParser$ConditionalPrimaryExpressionContext.class
blf/parsing/FilterDefinitionAnalyzer.class
blf/grammar/BcqlParser$GenericFilterContext.class
blf/generation/LogEntryItem.class
blf/core/instructions/AddLogLineInstruction.class
blf/grammar/BcqlUtilParser$BlockNumberContext.class
blf/grammar/BcqlParser$AddressListContext.class
blf/samples/SampleUtils.class
blf/grammar/BcqlParser$VariableNameContext.class
blf/parsing/ErrorCollector.class
blf/grammar/BcqlUtilParser$SolTypeRuleContext.class
blf/configuration/LogLineExportSpecification.class
blf/blockchains/ethereum/classes/EthereumSmartContractQuery.class
blf/library/Library$LibraryEntry.class
blf/configuration/MethodSpecification.class
blf/library/Library.class
blf/grammar/BcqlUtilBaseVisitor.class
blf/grammar/BcqlParser$BlockchainContext.class
blf/configuration/SmartContractQuerySpecification.class
blf/blockchains/hyperledger/variables/HyperledgerTransactionVariables.class
blf/grammar/BcqlUtilParser$XesTypesContext.class
blf/grammar/BcqlParser$OptionalParamsContext.class
blf/grammar/BcqlParser$PublicFunctionQueryContext.class
blf/blockchains/ethereum/variables/EthereumLogEntryVariables.class
blf/blockchains/hyperledger/helpers/HyperledgerInstructionHelper.class
blf/grammar/BcqlParser$EmitStatementXesEventContext.class
blf/core/values/ValueStore.class
blf/grammar/BcqlParser$TransactionInputFilterContext.class
blf/grammar/BcqlUtilParser$AddressListContext.class
blf/blockchains/ethereum/instructions/EthereumSmartContractFilterInstruction.class
blf/blockchains/ethereum/variables/EthereumVariables.class
blf/grammar/BcqlUtilParser$MethodInvocationContext.class
blf/grammar/BcqlParser$BlockNumberContext.class
blf/grammar/BcqlUtilParser$BooleanArrayLiteralContext.class
blf/generation/ErrorItem.class
blf/grammar/BcqlParser$EmitStatementContext.class
blf/blockchains/ethereum/reader/Web3jTransaction.class
blf/grammar/BcqlListener.class
blf/grammar/BcqlParser$AbortOnExceptionContext.class
blf/grammar/BcqlUtilParser$ComparatorsContext.class
blf/grammar/BcqlParser$EmitStatementCsvContext.class
blf/parsing/BlockNumber.class
blf/configuration/EmissionSettings.class
blf/configuration/InstructionSpecification.class
blf/core/writers/CsvColumn.class
blf/util/RootListener.class
blf/blockchains/ethereum/EthereumListener.class
blf/grammar/BcqlParser$SmartContractParameterContext.class
blf/parsing/HyperledgerSmartContractAnalyzer.class
blf/core/writers/LogWriter.class
blf/grammar/BcqlUtilParser$ConditionalComparisonExpressionContext.class
blf/grammar/BcqlParser$SmartContractQueryParameterContext.class
blf/configuration/TypedValueAccessorSpecification.class
blf/grammar/BcqlParser$SmartContractFilterContext.class
blf/configuration/LogEntrySignatureSpecification.class
blf/grammar/BcqlParser$ConditionalOrExpressionContext.class
blf/generation/BitMappingItem.class
blf/grammar/BcqlParser$TransactionFilterContext.class
blf/grammar/BcqlParser$XesTypesContext.class
blf/core/parameters/XesParameter$XesParameterExporter.class
blf/blockchains/ethereum/instructions/EthereumBlockFilterInstruction$1.class
blf/grammar/BcqlParser$LogEntryParameterContext.class
blf/library/types/IntegerOperations.class
blf/library/types/ListOperations.class
blf/parsing/EmitAnalyzer.class
blf/blockchains/ethereum/reader/EthereumClient.class
blf/blockchains/ethereum/classes/EthereumTransactionInput.class
blf/configuration/ValueAccessorSpecification.class
blf/configuration/BlockNumberSpecification$Value.class
blf/grammar/BcqlParser$SmartContractQueryContext.class
blf/grammar/BcqlParser$BooleanArrayLiteralContext.class
blf/grammar/BcqlUtilLexer.class
blf/blockchains/template/instructions/TemplateLogEntryFilterInstruction.class
blf/configuration/SpecificationComposer$1.class
blf/blockchains/ethereum/reader/EthereumTransaction.class
blf/core/values/ValueMutator.class
blf/BcqlProcessingError.class
blf/parsing/VariableExistenceListener.class
blf/samples/ValidatorTest.class
blf/blockchains/template/instructions/TemplateTransactionFilterInstruction.class
blf/grammar/BcqlLexemes.class
blf/grammar/BcqlParser$ValueExpressionContext.class
blf/generation/BaseGenerator.class
blf/generation/ValueDictionaryItem.class
blf/library/LibraryException.class
blf/core/interfaces/FilterPredicate.class
blf/grammar/BcqlParser$ConditionalAndExpressionContext.class
blf/grammar/BcqlUtilParser$PublicVariableQueryContext.class
blf/grammar/BcqlParser$VariableAssignmentStatementContext.class
blf/core/values/Variable.class
blf/core/instructions/Instruction.class
blf/grammar/BcqlUtilParser$IntArrayLiteralContext.class
blf/grammar/BcqlParser$BlockFilterContext.class
blf/blockchains/ethereum/reader/EthereumLogEntry.class
blf/core/interfaces/GenericFilterPredicate.class
blf/configuration/SmartContractFilterSpecification.class
blf/samples/ExtractorTest.class
blf/parsing/FilterNestingAnalyzer.class
blf/blockchains/ethereum/reader/EthereumBlock.class
blf/grammar/BcqlBaseVisitor.class
blf/util/TypeUtils.class
blf/grammar/BcqlUtilParser$XesEmitVariableContext.class
blf/grammar/BcqlLexer.class
blf/core/instructions/AddXesEventInstruction.class
blf/blockchains/hyperledger/state/HyperledgerProgramState.class
blf/util/ListenerHelper.class
blf/library/util/TriFunction.class
blf/grammar/BcqlParser$ConditionalComparisonExpressionContext.class
blf/blockchains/ethereum/instructions/EthereumTransactionFilterInstruction.class
blf/blockchains/hyperledger/helpers/HyperledgerQueryParameters.class
blf/configuration/MethodCallSpecification.class
blf/grammar/BcqlParser$PublicVariableQueryContext.class
blf/core/instructions/BlockInstruction.class
blf/BcqllProcessingResult.class
blf/grammar/BcqlParser$NamedEmitVariableContext.class
blf/grammar/BcqlParser$LogEntrySignatureContext.class
blf/grammar/BcqlParser.class
blf/util/RootListenerException.class
blf/grammar/BcqlUtilParser$ConditionalOrExpressionContext.class
blf/grammar/BcqlParser$MethodStatementContext.class
blf/configuration/SpecificationComposer$1TmpInstruction.class
blf/blockchains/template/instructions/TemplateBlockFilterInstruction.class
blf/core/parameters/XesParameter$XesWriterMethod.class
blf/grammar/BcqlUtilParser$BytesArrayLiteralContext.class
blf/configuration/ParameterSpecification.class
blf/library/util/ReaderOperations.class
blf/grammar/BcqlUtilParser$SmartContractParameterContext.class
blf/util/MethodResult.class
blf/generation/SolidityCodeGeneration.class
blf/core/instructions/AddCsvRowInstruction.class
blf/grammar/BcqlParser$FilterContext.class
blf/configuration/SpecificationComposer.class
blf/blockchains/hyperledger/HyperledgerListener.class
blf/configuration/AddressListSpecification.class
blf/grammar/BcqlUtilParser$ExpressionStatementContext.class
blf/grammar/BcqlBaseListener.class
blf/grammar/BcqlUtilParser$ConditionalAndExpressionContext.class
blf/blockchains/ethereum/reader/EthereumDataReader.class
blf/grammar/BcqlParser$XesEmitVariableContext.class
blf/grammar/BcqlParser$ExpressionStatementContext.class
blf/parsing/ExpressionStatementAnalyzer.class
blf/blockchains/ethereum/instructions/EthereumBlockFilterInstruction.class
blf/grammar/BcqlUtilParser$VariableAssignmentStatementContext.class
blf/core/instructions/VariableAssignmentInstruction.class
blf/core/writers/XesWriter.class
blf/grammar/BcqlParser$EmitStatementLogContext.class
blf/grammar/BcqlParser$StringArrayLiteralContext.class
blf/core/writers/DataWriters.class
blf/grammar/BcqlUtilParser$ConditionalNotExpressionContext.class
blf/grammar/BcqlParser$LiteralContext.class
blf/grammar/BcqlUtilVisitor.class
blf/parsing/SemanticAnalyzer.class
blf/core/instructions/AddXesElementInstruction.class
blf/blockchains/hyperledger/instructions/HyperledgerLogEntryFilterInstruction.class
blf/grammar/BcqlUtilParser$SmartContractQueryContext.class
blf/blockchains/hyperledger/instructions/HyperledgerSmartContractFilterInstruction.class
blf/blockchains/hyperledger/helpers/UserContext.class
blf/parsing/SemanticAnalysis.class
blf/core/instructions/SetOutputFolderInstruction.class
blf/grammar/BcqlUtilParser$LogEntrySignatureContext.class
blf/configuration/TransactionInputFilterSpecification.class
blf/configuration/ValueMutatorSpecification.class
blf/core/interfaces/Method.class
blf/blockchains/ethereum/state/EthereumProgramState.class
blf/parsing/BcqlInterpreter.class
blf/blockchains/ethereum/classes/EthereumPublicMemberQueryEthereum.class
blf/core/instructions/MethodCallInstruction.class
blf/grammar/BcqlParser$ErrorOutputContext.class
blf/parsing/InterpreterUtils.class
