/Users/LucasD/Documents/Studium-München/WS2021/MA/Blockchain-Logging-Framework/src/main/java/blf/parsing/EmitAnalyzer.java
/Users/LucasD/Documents/Studium-München/WS2021/MA/Blockchain-Logging-Framework/src/main/java/blf/blockchains/hyperledger/helpers/HyperledgerQueryParameters.java
/Users/LucasD/Documents/Studium-München/WS2021/MA/Blockchain-Logging-Framework/src/main/java/blf/blockchains/hyperledger/helpers/HyperledgerInstructionHelper.java
/Users/LucasD/Documents/Studium-München/WS2021/MA/Blockchain-Logging-Framework/src/main/java/blf/blockchains/ethereum/reader/EthereumLogEntry.java
/Users/LucasD/Documents/Studium-München/WS2021/MA/Blockchain-Logging-Framework/src/main/java/blf/blockchains/template/instructions/TemplateConnectInstruction.java
/Users/LucasD/Documents/Studium-München/WS2021/MA/Blockchain-Logging-Framework/src/main/java/blf/blockchains/hyperledger/instructions/HyperledgerBlockFilterInstruction.java
/Users/LucasD/Documents/Studium-München/WS2021/MA/Blockchain-Logging-Framework/src/main/java/blf/samples/GeneratorTest.java
/Users/LucasD/Documents/Studium-München/WS2021/MA/Blockchain-Logging-Framework/src/main/java/blf/blockchains/ethereum/instructions/EthereumBlockFilterInstruction.java
/Users/LucasD/Documents/Studium-München/WS2021/MA/Blockchain-Logging-Framework/src/main/java/blf/core/exceptions/ExceptionHandler.java
/Users/LucasD/Documents/Studium-München/WS2021/MA/Blockchain-Logging-Framework/target/generated-sources/antlr4/blf/grammar/BcqlLexer.java
/Users/LucasD/Documents/Studium-München/WS2021/MA/Blockchain-Logging-Framework/src/main/java/blf/configuration/SmartContractQuerySpecification.java
/Users/LucasD/Documents/Studium-München/WS2021/MA/Blockchain-Logging-Framework/src/main/java/blf/util/MethodResult.java
/Users/LucasD/Documents/Studium-München/WS2021/MA/Blockchain-Logging-Framework/src/main/java/blf/blockchains/hyperledger/helpers/UserContext.java
/Users/LucasD/Documents/Studium-München/WS2021/MA/Blockchain-Logging-Framework/src/main/java/blf/blockchains/template/instructions/TemplateLogEntryFilterInstruction.java
/Users/LucasD/Documents/Studium-München/WS2021/MA/Blockchain-Logging-Framework/src/main/java/blf/core/instructions/AddLogLineInstruction.java
/Users/LucasD/Documents/Studium-München/WS2021/MA/Blockchain-Logging-Framework/src/main/java/blf/blockchains/ethereum/variables/EthereumVariables.java
/Users/LucasD/Documents/Studium-München/WS2021/MA/Blockchain-Logging-Framework/target/generated-sources/antlr4/blf/grammar/BcqlBaseVisitor.java
/Users/LucasD/Documents/Studium-München/WS2021/MA/Blockchain-Logging-Framework/src/main/java/blf/parsing/FilterNestingAnalyzer.java
/Users/LucasD/Documents/Studium-München/WS2021/MA/Blockchain-Logging-Framework/src/main/java/blf/library/types/StringOperations.java
/Users/LucasD/Documents/Studium-München/WS2021/MA/Blockchain-Logging-Framework/src/main/java/blf/core/instructions/AddCsvRowInstruction.java
/Users/LucasD/Documents/Studium-München/WS2021/MA/Blockchain-Logging-Framework/src/main/java/blf/core/writers/LogWriter.java
/Users/LucasD/Documents/Studium-München/WS2021/MA/Blockchain-Logging-Framework/src/main/java/blf/Validator.java
/Users/LucasD/Documents/Studium-München/WS2021/MA/Blockchain-Logging-Framework/target/generated-sources/antlr4/blf/grammar/BcqlUtilListener.java
/Users/LucasD/Documents/Studium-München/WS2021/MA/Blockchain-Logging-Framework/src/main/java/blf/blockchains/ethereum/reader/Web3jClient.java
/Users/LucasD/Documents/Studium-München/WS2021/MA/Blockchain-Logging-Framework/src/main/java/blf/core/writers/CsvColumn.java
/Users/LucasD/Documents/Studium-München/WS2021/MA/Blockchain-Logging-Framework/src/main/java/blf/blockchains/hyperledger/instructions/HyperledgerTransactionFilterInstruction.java
/Users/LucasD/Documents/Studium-München/WS2021/MA/Blockchain-Logging-Framework/src/main/java/blf/blockchains/template/TemplateProgramState.java
/Users/LucasD/Documents/Studium-München/WS2021/MA/Blockchain-Logging-Framework/src/main/java/blf/blockchains/hyperledger/instructions/HyperledgerConnectInstruction.java
/Users/LucasD/Documents/Studium-München/WS2021/MA/Blockchain-Logging-Framework/src/main/java/blf/BcqlProcessingException.java
/Users/LucasD/Documents/Studium-München/WS2021/MA/Blockchain-Logging-Framework/src/main/java/blf/blockchains/hyperledger/state/HyperledgerProgramState.java
/Users/LucasD/Documents/Studium-München/WS2021/MA/Blockchain-Logging-Framework/src/main/java/blf/samples/SampleUtils.java
/Users/LucasD/Documents/Studium-München/WS2021/MA/Blockchain-Logging-Framework/src/main/java/blf/configuration/XesExportSpecification.java
/Users/LucasD/Documents/Studium-München/WS2021/MA/Blockchain-Logging-Framework/src/main/java/blf/core/values/Variables.java
/Users/LucasD/Documents/Studium-München/WS2021/MA/Blockchain-Logging-Framework/src/main/java/blf/blockchains/ethereum/reader/Web3jBlock.java
/Users/LucasD/Documents/Studium-München/WS2021/MA/Blockchain-Logging-Framework/src/main/java/blf/blockchains/ethereum/classes/EthereumTransactionInput.java
/Users/LucasD/Documents/Studium-München/WS2021/MA/Blockchain-Logging-Framework/src/main/java/blf/blockchains/template/instructions/TemplateTransactionFilterInstruction.java
/Users/LucasD/Documents/Studium-München/WS2021/MA/Blockchain-Logging-Framework/src/main/java/blf/parsing/SemanticAnalyzer.java
/Users/LucasD/Documents/Studium-München/WS2021/MA/Blockchain-Logging-Framework/src/main/java/blf/parsing/ErrorCollector.java
/Users/LucasD/Documents/Studium-München/WS2021/MA/Blockchain-Logging-Framework/src/main/java/blf/configuration/TransactionInputFilterSpecification.java
/Users/LucasD/Documents/Studium-München/WS2021/MA/Blockchain-Logging-Framework/src/main/java/blf/core/Program.java
/Users/LucasD/Documents/Studium-München/WS2021/MA/Blockchain-Logging-Framework/src/main/java/blf/core/instructions/VariableAssignmentInstruction.java
/Users/LucasD/Documents/Studium-München/WS2021/MA/Blockchain-Logging-Framework/src/main/java/blf/BcqlProcessingError.java
/Users/LucasD/Documents/Studium-München/WS2021/MA/Blockchain-Logging-Framework/src/main/java/blf/blockchains/template/TemplateVariables.java
/Users/LucasD/Documents/Studium-München/WS2021/MA/Blockchain-Logging-Framework/src/main/java/blf/configuration/TypedValueAccessorSpecification.java
/Users/LucasD/Documents/Studium-München/WS2021/MA/Blockchain-Logging-Framework/src/main/java/blf/blockchains/hyperledger/variables/HyperledgerVariables.java
/Users/LucasD/Documents/Studium-München/WS2021/MA/Blockchain-Logging-Framework/src/main/java/blf/generation/ErrorItem.java
/Users/LucasD/Documents/Studium-München/WS2021/MA/Blockchain-Logging-Framework/src/main/java/blf/configuration/ParameterSpecification.java
/Users/LucasD/Documents/Studium-München/WS2021/MA/Blockchain-Logging-Framework/src/main/java/blf/core/interfaces/GenericFilterPredicate.java
/Users/LucasD/Documents/Studium-München/WS2021/MA/Blockchain-Logging-Framework/src/main/java/blf/blockchains/ethereum/instructions/EthereumTransactionFilterInstruction.java
/Users/LucasD/Documents/Studium-München/WS2021/MA/Blockchain-Logging-Framework/src/main/java/blf/blockchains/ethereum/reader/Web3jTransaction.java
/Users/LucasD/Documents/Studium-München/WS2021/MA/Blockchain-Logging-Framework/src/main/java/blf/library/types/IntegerOperations.java
/Users/LucasD/Documents/Studium-München/WS2021/MA/Blockchain-Logging-Framework/src/main/java/blf/blockchains/ethereum/reader/EthereumBlock.java
/Users/LucasD/Documents/Studium-München/WS2021/MA/Blockchain-Logging-Framework/src/main/java/blf/blockchains/ethereum/classes/EthereumLogEntrySignature.java
/Users/LucasD/Documents/Studium-München/WS2021/MA/Blockchain-Logging-Framework/src/main/java/blf/core/writers/CsvWriter.java
/Users/LucasD/Documents/Studium-München/WS2021/MA/Blockchain-Logging-Framework/src/main/java/blf/samples/ValidatorTest.java
/Users/LucasD/Documents/Studium-München/WS2021/MA/Blockchain-Logging-Framework/src/main/java/blf/configuration/CsvColumnSpecification.java
/Users/LucasD/Documents/Studium-München/WS2021/MA/Blockchain-Logging-Framework/src/main/java/blf/core/state/ProgramState.java
/Users/LucasD/Documents/Studium-München/WS2021/MA/Blockchain-Logging-Framework/src/main/java/blf/generation/LogEntryParameter.java
/Users/LucasD/Documents/Studium-München/WS2021/MA/Blockchain-Logging-Framework/src/main/java/blf/configuration/InstructionSpecification.java
/Users/LucasD/Documents/Studium-München/WS2021/MA/Blockchain-Logging-Framework/src/main/java/blf/util/RootListener.java
/Users/LucasD/Documents/Studium-München/WS2021/MA/Blockchain-Logging-Framework/src/main/java/blf/Generator.java
/Users/LucasD/Documents/Studium-München/WS2021/MA/Blockchain-Logging-Framework/target/generated-sources/antlr4/blf/grammar/BcqlVisitor.java
/Users/LucasD/Documents/Studium-München/WS2021/MA/Blockchain-Logging-Framework/src/main/java/blf/BlfApp.java
/Users/LucasD/Documents/Studium-München/WS2021/MA/Blockchain-Logging-Framework/src/main/java/blf/blockchains/ethereum/instructions/EthereumTransactionInputFilterInstruction.java
/Users/LucasD/Documents/Studium-München/WS2021/MA/Blockchain-Logging-Framework/src/main/java/blf/blockchains/ethereum/classes/EthereumSmartContractParameter.java
/Users/LucasD/Documents/Studium-München/WS2021/MA/Blockchain-Logging-Framework/src/main/java/blf/core/readers/DataReader.java
/Users/LucasD/Documents/Studium-München/WS2021/MA/Blockchain-Logging-Framework/src/main/java/blf/blockchains/ethereum/variables/EthereumBlockVariables.java
/Users/LucasD/Documents/Studium-München/WS2021/MA/Blockchain-Logging-Framework/src/main/java/blf/generation/BitMappingItem.java
/Users/LucasD/Documents/Studium-München/WS2021/MA/Blockchain-Logging-Framework/target/generated-sources/antlr4/blf/grammar/BcqlListener.java
/Users/LucasD/Documents/Studium-München/WS2021/MA/Blockchain-Logging-Framework/src/main/java/blf/configuration/MethodCallSpecification.java
/Users/LucasD/Documents/Studium-München/WS2021/MA/Blockchain-Logging-Framework/src/main/java/blf/blockchains/ethereum/instructions/EthereumConnectInstruction.java
/Users/LucasD/Documents/Studium-München/WS2021/MA/Blockchain-Logging-Framework/src/main/java/blf/configuration/SmartContractFilterSpecification.java
/Users/LucasD/Documents/Studium-München/WS2021/MA/Blockchain-Logging-Framework/src/main/java/blf/blockchains/ethereum/reader/EthereumClient.java
/Users/LucasD/Documents/Studium-München/WS2021/MA/Blockchain-Logging-Framework/target/generated-sources/antlr4/blf/grammar/BcqlParser.java
/Users/LucasD/Documents/Studium-München/WS2021/MA/Blockchain-Logging-Framework/src/main/java/blf/parsing/BcqlInterpreter.java
/Users/LucasD/Documents/Studium-München/WS2021/MA/Blockchain-Logging-Framework/src/main/java/blf/core/values/Variable.java
/Users/LucasD/Documents/Studium-München/WS2021/MA/Blockchain-Logging-Framework/src/main/java/blf/core/instructions/GenericFilterInstruction.java
/Users/LucasD/Documents/Studium-München/WS2021/MA/Blockchain-Logging-Framework/src/main/java/blf/library/MethodSignature.java
/Users/LucasD/Documents/Studium-München/WS2021/MA/Blockchain-Logging-Framework/src/main/java/blf/blockchains/ethereum/classes/EthereumPublicMemberQueryEthereum.java
/Users/LucasD/Documents/Studium-München/WS2021/MA/Blockchain-Logging-Framework/src/main/java/blf/configuration/BaseBlockchainListener.java
/Users/LucasD/Documents/Studium-München/WS2021/MA/Blockchain-Logging-Framework/src/main/java/blf/library/Library.java
/Users/LucasD/Documents/Studium-München/WS2021/MA/Blockchain-Logging-Framework/src/main/java/blf/blockchains/template/TemplateListener.java
/Users/LucasD/Documents/Studium-München/WS2021/MA/Blockchain-Logging-Framework/src/main/java/blf/core/values/BlockchainVariables.java
/Users/LucasD/Documents/Studium-München/WS2021/MA/Blockchain-Logging-Framework/src/main/java/blf/generation/ValueDictionaryItem.java
/Users/LucasD/Documents/Studium-München/WS2021/MA/Blockchain-Logging-Framework/src/main/java/blf/core/interfaces/FilterPredicate.java
/Users/LucasD/Documents/Studium-München/WS2021/MA/Blockchain-Logging-Framework/src/main/java/blf/configuration/EmissionSettings.java
/Users/LucasD/Documents/Studium-München/WS2021/MA/Blockchain-Logging-Framework/src/main/java/blf/core/values/ValueAccessor.java
/Users/LucasD/Documents/Studium-München/WS2021/MA/Blockchain-Logging-Framework/src/main/java/blf/blockchains/ethereum/reader/EthereumTransaction.java
/Users/LucasD/Documents/Studium-München/WS2021/MA/Blockchain-Logging-Framework/src/main/java/blf/core/instructions/BlockInstruction.java
/Users/LucasD/Documents/Studium-München/WS2021/MA/Blockchain-Logging-Framework/src/main/java/blf/generation/LogEntryItem.java
/Users/LucasD/Documents/Studium-München/WS2021/MA/Blockchain-Logging-Framework/src/main/java/blf/core/instructions/AddXesEventInstruction.java
/Users/LucasD/Documents/Studium-München/WS2021/MA/Blockchain-Logging-Framework/src/main/java/blf/core/values/ValueStore.java
/Users/LucasD/Documents/Studium-München/WS2021/MA/Blockchain-Logging-Framework/src/main/java/blf/core/parameters/Parameter.java
/Users/LucasD/Documents/Studium-München/WS2021/MA/Blockchain-Logging-Framework/src/main/java/blf/samples/ExtractorTest.java
/Users/LucasD/Documents/Studium-München/WS2021/MA/Blockchain-Logging-Framework/src/main/java/blf/core/interfaces/Method.java
/Users/LucasD/Documents/Studium-München/WS2021/MA/Blockchain-Logging-Framework/src/main/java/blf/util/RootListenerException.java
/Users/LucasD/Documents/Studium-München/WS2021/MA/Blockchain-Logging-Framework/src/main/java/blf/generation/GeneratorItem.java
/Users/LucasD/Documents/Studium-München/WS2021/MA/Blockchain-Logging-Framework/src/main/java/blf/library/util/ReaderOperations.java
/Users/LucasD/Documents/Studium-München/WS2021/MA/Blockchain-Logging-Framework/src/main/java/blf/core/instructions/AddXesElementInstruction.java
/Users/LucasD/Documents/Studium-München/WS2021/MA/Blockchain-Logging-Framework/src/main/java/blf/core/values/ValueMutator.java
/Users/LucasD/Documents/Studium-München/WS2021/MA/Blockchain-Logging-Framework/target/generated-sources/antlr4/blf/grammar/BcqlUtilBaseListener.java
/Users/LucasD/Documents/Studium-München/WS2021/MA/Blockchain-Logging-Framework/src/main/java/blf/generation/CodeCollector.java
/Users/LucasD/Documents/Studium-München/WS2021/MA/Blockchain-Logging-Framework/src/main/java/blf/generation/BaseGenerator.java
/Users/LucasD/Documents/Studium-München/WS2021/MA/Blockchain-Logging-Framework/target/generated-sources/antlr4/blf/grammar/BcqlUtilBaseVisitor.java
/Users/LucasD/Documents/Studium-München/WS2021/MA/Blockchain-Logging-Framework/target/generated-sources/antlr4/blf/grammar/BcqlLexemes.java
/Users/LucasD/Documents/Studium-München/WS2021/MA/Blockchain-Logging-Framework/src/main/java/blf/blockchains/ethereum/state/EthereumProgramState.java
/Users/LucasD/Documents/Studium-München/WS2021/MA/Blockchain-Logging-Framework/src/main/java/blf/blockchains/ethereum/reader/Web3jLogEntry.java
/Users/LucasD/Documents/Studium-München/WS2021/MA/Blockchain-Logging-Framework/src/main/java/blf/configuration/ValueMutatorSpecification.java
/Users/LucasD/Documents/Studium-München/WS2021/MA/Blockchain-Logging-Framework/src/main/java/blf/core/instructions/AddXesTraceInstruction.java
/Users/LucasD/Documents/Studium-München/WS2021/MA/Blockchain-Logging-Framework/src/main/java/blf/parsing/FilterDefinitionAnalyzer.java
/Users/LucasD/Documents/Studium-München/WS2021/MA/Blockchain-Logging-Framework/src/main/java/blf/core/writers/DataWriters.java
/Users/LucasD/Documents/Studium-München/WS2021/MA/Blockchain-Logging-Framework/src/main/java/blf/blockchains/ethereum/reader/EthereumDataReader.java
/Users/LucasD/Documents/Studium-München/WS2021/MA/Blockchain-Logging-Framework/src/main/java/blf/blockchains/template/instructions/TemplateBlockFilterInstruction.java
/Users/LucasD/Documents/Studium-München/WS2021/MA/Blockchain-Logging-Framework/src/main/java/blf/blockchains/ethereum/variables/EthereumTransactionVariables.java
/Users/LucasD/Documents/Studium-München/WS2021/MA/Blockchain-Logging-Framework/src/main/java/blf/BcqllProcessingResult.java
/Users/LucasD/Documents/Studium-München/WS2021/MA/Blockchain-Logging-Framework/src/main/java/blf/blockchains/ethereum/instructions/EthereumSmartContractFilterInstruction.java
/Users/LucasD/Documents/Studium-München/WS2021/MA/Blockchain-Logging-Framework/src/main/java/blf/blockchains/ethereum/EthereumListener.java
/Users/LucasD/Documents/Studium-München/WS2021/MA/Blockchain-Logging-Framework/src/main/java/blf/core/instructions/Instruction.java
/Users/LucasD/Documents/Studium-München/WS2021/MA/Blockchain-Logging-Framework/src/main/java/blf/configuration/LogLineExportSpecification.java
/Users/LucasD/Documents/Studium-München/WS2021/MA/Blockchain-Logging-Framework/src/main/java/blf/configuration/BlockNumberSpecification.java
/Users/LucasD/Documents/Studium-München/WS2021/MA/Blockchain-Logging-Framework/src/main/java/blf/core/parameters/XesParameter.java
/Users/LucasD/Documents/Studium-München/WS2021/MA/Blockchain-Logging-Framework/src/main/java/blf/library/types/ListOperations.java
/Users/LucasD/Documents/Studium-München/WS2021/MA/Blockchain-Logging-Framework/target/generated-sources/antlr4/blf/grammar/BcqlBaseListener.java
/Users/LucasD/Documents/Studium-München/WS2021/MA/Blockchain-Logging-Framework/src/main/java/blf/blockchains/ethereum/instructions/EthereumConnectIpcInstruction.java
/Users/LucasD/Documents/Studium-München/WS2021/MA/Blockchain-Logging-Framework/src/main/java/blf/configuration/LogEntrySignatureSpecification.java
/Users/LucasD/Documents/Studium-München/WS2021/MA/Blockchain-Logging-Framework/src/main/java/blf/parsing/BlockNumber.java
/Users/LucasD/Documents/Studium-München/WS2021/MA/Blockchain-Logging-Framework/src/main/java/blf/blockchains/ethereum/variables/EthereumLogEntryVariables.java
/Users/LucasD/Documents/Studium-München/WS2021/MA/Blockchain-Logging-Framework/target/generated-sources/antlr4/blf/grammar/BcqlUtilVisitor.java
/Users/LucasD/Documents/Studium-München/WS2021/MA/Blockchain-Logging-Framework/src/main/java/blf/library/LibraryException.java
/Users/LucasD/Documents/Studium-München/WS2021/MA/Blockchain-Logging-Framework/src/main/java/blf/configuration/BuildException.java
/Users/LucasD/Documents/Studium-München/WS2021/MA/Blockchain-Logging-Framework/src/main/java/blf/util/ListenerHelper.java
/Users/LucasD/Documents/Studium-München/WS2021/MA/Blockchain-Logging-Framework/src/main/java/blf/core/instructions/SetOutputFolderInstruction.java
/Users/LucasD/Documents/Studium-München/WS2021/MA/Blockchain-Logging-Framework/src/main/java/blf/configuration/AddressListSpecification.java
/Users/LucasD/Documents/Studium-München/WS2021/MA/Blockchain-Logging-Framework/src/main/java/blf/blockchains/hyperledger/variables/HyperledgerBlockVariables.java
/Users/LucasD/Documents/Studium-München/WS2021/MA/Blockchain-Logging-Framework/src/main/java/blf/configuration/MethodSpecification.java
/Users/LucasD/Documents/Studium-München/WS2021/MA/Blockchain-Logging-Framework/src/main/java/blf/blockchains/hyperledger/instructions/HyperledgerSmartContractFilterInstruction.java
/Users/LucasD/Documents/Studium-München/WS2021/MA/Blockchain-Logging-Framework/src/main/java/blf/configuration/GenericFilterPredicateSpecification.java
/Users/LucasD/Documents/Studium-München/WS2021/MA/Blockchain-Logging-Framework/src/main/java/blf/blockchains/ethereum/instructions/EthereumLogEntryFilterInstruction.java
/Users/LucasD/Documents/Studium-München/WS2021/MA/Blockchain-Logging-Framework/src/main/java/blf/generation/ItemGenerator.java
/Users/LucasD/Documents/Studium-München/WS2021/MA/Blockchain-Logging-Framework/target/generated-sources/antlr4/blf/grammar/BcqlUtilParser.java
/Users/LucasD/Documents/Studium-München/WS2021/MA/Blockchain-Logging-Framework/src/main/java/blf/blockchains/hyperledger/HyperledgerListener.java
/Users/LucasD/Documents/Studium-München/WS2021/MA/Blockchain-Logging-Framework/src/main/java/blf/configuration/CsvExportSpecification.java
/Users/LucasD/Documents/Studium-München/WS2021/MA/Blockchain-Logging-Framework/src/main/java/blf/core/writers/XesWriter.java
/Users/LucasD/Documents/Studium-München/WS2021/MA/Blockchain-Logging-Framework/src/main/java/blf/configuration/SpecificationComposer.java
/Users/LucasD/Documents/Studium-München/WS2021/MA/Blockchain-Logging-Framework/src/main/java/blf/core/instructions/MethodCallInstruction.java
/Users/LucasD/Documents/Studium-München/WS2021/MA/Blockchain-Logging-Framework/src/main/java/blf/parsing/InterpreterUtils.java
/Users/LucasD/Documents/Studium-München/WS2021/MA/Blockchain-Logging-Framework/src/main/java/blf/parsing/VariableExistenceListener.java
/Users/LucasD/Documents/Studium-München/WS2021/MA/Blockchain-Logging-Framework/src/main/java/blf/library/compression/ValueDictionary.java
/Users/LucasD/Documents/Studium-München/WS2021/MA/Blockchain-Logging-Framework/target/generated-sources/antlr4/blf/grammar/BcqlUtilLexer.java
/Users/LucasD/Documents/Studium-München/WS2021/MA/Blockchain-Logging-Framework/src/main/java/blf/blockchains/ethereum/classes/EthereumSmartContractQuery.java
/Users/LucasD/Documents/Studium-München/WS2021/MA/Blockchain-Logging-Framework/src/main/java/blf/blockchains/hyperledger/instructions/HyperledgerLogEntryFilterInstruction.java
/Users/LucasD/Documents/Studium-München/WS2021/MA/Blockchain-Logging-Framework/src/main/java/blf/blockchains/hyperledger/variables/HyperledgerTransactionVariables.java
/Users/LucasD/Documents/Studium-München/WS2021/MA/Blockchain-Logging-Framework/src/main/java/blf/configuration/XesParameterSpecification.java
/Users/LucasD/Documents/Studium-München/WS2021/MA/Blockchain-Logging-Framework/src/main/java/blf/Extractor.java
/Users/LucasD/Documents/Studium-München/WS2021/MA/Blockchain-Logging-Framework/src/main/java/blf/parsing/HyperledgerSmartContractAnalyzer.java
/Users/LucasD/Documents/Studium-München/WS2021/MA/Blockchain-Logging-Framework/src/main/java/blf/core/writers/DataWriter.java
/Users/LucasD/Documents/Studium-München/WS2021/MA/Blockchain-Logging-Framework/src/main/java/blf/configuration/ValueAssignmentSpecification.java
/Users/LucasD/Documents/Studium-München/WS2021/MA/Blockchain-Logging-Framework/src/main/java/blf/library/compression/BitMapping.java
/Users/LucasD/Documents/Studium-München/WS2021/MA/Blockchain-Logging-Framework/src/main/java/blf/Constants.java
/Users/LucasD/Documents/Studium-München/WS2021/MA/Blockchain-Logging-Framework/src/main/java/blf/parsing/SemanticAnalysis.java
/Users/LucasD/Documents/Studium-München/WS2021/MA/Blockchain-Logging-Framework/src/main/java/blf/library/util/TriFunction.java
/Users/LucasD/Documents/Studium-München/WS2021/MA/Blockchain-Logging-Framework/src/main/java/blf/configuration/ValueAccessorSpecification.java
/Users/LucasD/Documents/Studium-München/WS2021/MA/Blockchain-Logging-Framework/src/main/java/blf/util/TypeUtils.java
/Users/LucasD/Documents/Studium-München/WS2021/MA/Blockchain-Logging-Framework/src/main/java/blf/parsing/ExpressionStatementAnalyzer.java
/Users/LucasD/Documents/Studium-München/WS2021/MA/Blockchain-Logging-Framework/src/main/java/blf/generation/SolidityCodeGeneration.java
